Black wins!
A1A2B1B2C1C2D1D2E1
Thank you for playing!
