B
White wins!
A2A1A3B2A4C3E1D4E2E5
Thank you for playing!
