White wins!
S1C9S3D10S5E11S7F12G13B8
Thank you for playing!
