White wins!
A1B1A3B2A5B3A7B4A9B5
Thank you for playing!
