Wow, a tie!
A1B1C1D1E1F1G1H1I1J1K1L1M1N1O1P1Q1R1S1A3B3C3D3E3F3G3H3I3J3K3L3M3N3O3P3Q3R3S3A5B5C5D5E5F5G5H5I5J5K5L5M5N5O5P5Q5R5S5A7B7C7D7E7F7G7H7I7J7K7L7M7N7O7P7Q7R7S7A9B9C9D9E9F9G9H9I9J9K9L9M9N9O9P9Q9R9S9A11B11C11D11E11F11G11H11I11J11K11L11M11N11O11P11Q11R11S11A13B13C13D13E13F13G13H13I13J13K13L13M13N13O13P13Q13R13S13A15B15C15D15E15F15G15H15I15J15K15L15M15N15O15P15Q15R15S15A17B17C17D17E17F17G17H17I17J17K17L17M17N17O17P17Q17R17S17A19B19C19D19E19F19G19H19I19J19K19L19M19N19O19P19Q19R19S19A2B2C2D2E2F2G2H2I2J2K2L2M2N2O2P2Q2R2S2A4B4C4D4E4F4G4H4I4J4K4L4M4N4O4P4Q4R4S4A6B6C6D6E6F6G6H6I6J6K6L6M6N6O6P6Q6R6S6A8B8C8D8E8F8G8H8I8J8K8L8M8N8O8P8Q8R8S8A10B10C10D10E10F10G10H10I10J10K10L10M10N10O10P10Q10R10S10A12B12C12D12E12F12G12H12I12J12K12L12M12N12O12P12Q12R12S12A14B14C14D14E14F14G14H14I14J14K14L14M14N14O14P14Q14R14S14A16B16C16D16E16F16G16H16I16J16K16L16M16N16O16P16Q16R16S16A18B18C18D18E18F18G18H18I18J18K18L18M18N18O18P18Q18R18S18
Thank you for playing!
