B
B
W
W
A6B12
L8,.................................................
W
Black wins!
A6B12C3
Thank you for playing!
