B
J10,.................................................
L12,.................................................
P12,.................................................
E9,.................................................
E9,.................................................
C9,x......x......x......x......x......x......x......
L18,xxxxxxxxxxxxxx...................................
White wins!
E5K5G17S17P11B10
Thank you for playing!
