B
O18,xxxxxxxxxxxxxx........#..........................
C1,x......x......x......x......xxxxxxxxxxxxxxxxxxxxx
L3,..........................................xxxxxxx
L18,xxxxxxxxxxxxxx...........#.......................
P18,xxxxxxxxxxxxxx.......#.#.........................
M18,xxxxxxxxxxxxxx..........#.#......................
