B
E16,.................................................
G18,xxxxxxxxxxxxxx...................................
S16,....xxx....xxx....xxx....xxx....xxx....xxx....xxx
C3,x......x......x......x......x......x......xxxxxxx
P16,.................................................
A18,xxxxxxxxxxxxxxxxx....xxx....xxx....xxx....xxx....
