B
L18,xxxxxxxxxxxxxx...................................
G18,xxxxxxxxxxxxxx...........o.......................
C8,x......x......x......x......x......x......x......
B9,xx.....xx.....xx.....xx.....xx.....xx.....xx.....
B17,xxxxxxxxx.....xx.#...xx..o..xx.....xx.....xx.....
L1,............................xxxxxxxxxxxxxxxxxxxxx
S12,....xxx....xxx....xxx....xxx....xxx....xxx....xxx
G16,...........o.....................................
