B
M16,.................................................
E18,xxxxxxxxxxxxxx...................................
G3,..........................................xxxxxxx
L17,xxxxxxx..........................................
B18,xxxxxxxxxxxxxxxx#....xx.....xx.....xx.....xx.....
C9,x......x......x..#...x......x......x......x......
S9,....xxx.#..xxx....xxx....xxx....xxx....xxx....xxx
P1,..........................#.xxxxxxxxxxxxxxxxxxxxx
