Invalid!
Invalid!
Invalid!
Invalid!
Invalid!
Invalid!
Invalid!
Invalid!
Invalid!
Invalid!
Invalid!
Invalid!
Invalid!
Invalid!
B
Invalid!
Invalid!
Invalid!
Invalid!
Invalid!
Invalid!
Invalid!
Invalid!
Invalid!
Invalid!
Invalid!
Invalid!
Invalid!
Invalid!
Invalid!
Invalid!
Invalid!
Invalid!
Invalid!
Invalid!
Invalid!
Invalid!
Invalid!
Invalid!
Invalid!
Invalid!
Invalid!
Invalid!
Invalid!
Invalid!
Invalid!
Invalid!
Invalid!
Invalid!
