Invalid!
Invalid!
Invalid!
Invalid!
Invalid!
Invalid!
Invalid!
Invalid!
Invalid!
Invalid!
Invalid!
Invalid!
Invalid!
B
Invalid coordinate
Invalid coordinate
Invalid coordinate
Invalid coordinate
Invalid coordinate
Invalid coordinate
Invalid coordinate
Invalid coordinate
Invalid!
Invalid!
Invalid!
Invalid!
Invalid!
Invalid!
Invalid coordinate
Invalid!
Invalid!
Invalid!
Invalid!
Invalid!
Invalid!
Invalid!
Invalid!
Invalid coordinate
Invalid!
W
Invalid!
Invalid!
Invalid coordinate
Invalid coordinate
Invalid!
Invalid!
Invalid!
