B
Invalid!
Invalid!
Invalid!
Invalid!
Invalid!
Invalid!
Invalid!
Invalid!
Invalid!
Invalid!
Invalid!
Invalid!
Invalid!
Invalid!
Invalid!
B
