B
W
Occupied coordinate
Invalid!
Invalid coordinate
Invalid!
Invalid!
Invalid!
Invalid!
Invalid coordinate
Invalid coordinate
Invalid coordinate
Invalid coordinate
Invalid coordinate
Invalid coordinate
Invalid!
B
