B
W
D11M14I16O10D14P13
C15,x......x......x......x......x...#..x......x......
Invalid!
B
Invalid!
Invalid coordinate
Black wins!
D11M14I16O10D14P13D12K4D13O2D10
Thank you for playing!
