B
Invalid!
P17H10Q12
W
S9,.#..xxx....xxx....xxx....xxx....xxx....xxx....xxx
Invalid coordinate
Occupied coordinate
B
White wins!
P17H10Q12J8K15I9I11G11O7B7D14H17M18K7
Thank you for playing!
