Black wins!
R19R18S19R17P19R16Q19R15P18Q15Q18Q16P17Q17O19
Thank you for playing!
