Black wins!
E9F9D9F10C9F11B9A9F8F12F13G11D10G10G7H6C11
Thank you for playing!
