Invalid!
Invalid!
Invalid!
Invalid!
Invalid!
Invalid!
Invalid coordinate
Invalid coordinate
Invalid!
